// Jest Snapshot v1, https://goo.gl/fbAQLP

exports[`getNewLockfile with changed package-lock.json 1`] = `
Object {
  "lock": "{\\"name\\":\\"greenkeeper\\",\\"version\\":\\"1.0.0\\",\\"lockfileVersion\\":1,\\"requires\\":true,\\"dependencies\\":{\\"jest\\": {\\"version\\": \\"22.4.2\\"}}}",
  "packageJson": "{\\"name\\": \\"greenkeeper\\",\\"devDependencies\\": {\\"jest\\": \\"^22.4.3\\"}}",
  "type": "npm",
}
`;

exports[`getNewLockfile with package-lock.json 1`] = `
Object {
  "lock": "{\\"name\\":\\"greenkeeper\\",\\"version\\":\\"1.0.0\\",\\"lockfileVersion\\":1,\\"requires\\":true,\\"dependencies\\":{\\"jest\\": {\\"version\\": \\"22.4.2\\"}}}",
  "packageJson": "{\\"name\\": \\"greenkeeper\\",\\"devDependencies\\": {\\"jest\\": \\"^22.4.2\\"}}",
  "type": "npm",
}
`;
